Archive member included to satisfy reference by file (symbol)

/usr/lib/gcc/arm-none-eabi/4.8/../../../arm-none-eabi/lib/armv7e-m/fpu/libm.a(lib_a-sf_cos.o)
                              build/obj/digital_filter.o (cosf)
/usr/lib/gcc/arm-none-eabi/4.8/../../../arm-none-eabi/lib/armv7e-m/fpu/libm.a(lib_a-sf_floor.o)
                              build/obj/mcpwm_foc.o (floorf)
/usr/lib/gcc/arm-none-eabi/4.8/../../../arm-none-eabi/lib/armv7e-m/fpu/libm.a(lib_a-sf_frexp.o)
                              build/obj/buffer.o (frexpf)
/usr/lib/gcc/arm-none-eabi/4.8/../../../arm-none-eabi/lib/armv7e-m/fpu/libm.a(lib_a-sf_ldexp.o)
                              build/obj/buffer.o (ldexpf)
/usr/lib/gcc/arm-none-eabi/4.8/../../../arm-none-eabi/lib/armv7e-m/fpu/libm.a(lib_a-sf_round.o)
                              build/obj/ledpwm.o (roundf)
/usr/lib/gcc/arm-none-eabi/4.8/../../../arm-none-eabi/lib/armv7e-m/fpu/libm.a(lib_a-sf_scalbn.o)
                              /usr/lib/gcc/arm-none-eabi/4.8/../../../arm-none-eabi/lib/armv7e-m/fpu/libm.a(lib_a-sf_ldexp.o) (scalbnf)
/usr/lib/gcc/arm-none-eabi/4.8/../../../arm-none-eabi/lib/armv7e-m/fpu/libm.a(lib_a-sf_sin.o)
                              build/obj/digital_filter.o (sinf)
/usr/lib/gcc/arm-none-eabi/4.8/../../../arm-none-eabi/lib/armv7e-m/fpu/libm.a(lib_a-wf_asin.o)
                              build/obj/mcpwm.o (asinf)
/usr/lib/gcc/arm-none-eabi/4.8/../../../arm-none-eabi/lib/armv7e-m/fpu/libm.a(lib_a-wf_atan2.o)
                              build/obj/mcpwm_foc.o (atan2f)
/usr/lib/gcc/arm-none-eabi/4.8/../../../arm-none-eabi/lib/armv7e-m/fpu/libm.a(lib_a-wf_exp.o)
                              build/obj/utils.o (expf)
/usr/lib/gcc/arm-none-eabi/4.8/../../../arm-none-eabi/lib/armv7e-m/fpu/libm.a(lib_a-wf_fmod.o)
                              build/obj/utils.o (fmodf)
/usr/lib/gcc/arm-none-eabi/4.8/../../../arm-none-eabi/lib/armv7e-m/fpu/libm.a(lib_a-wf_log.o)
                              build/obj/mc_interface.o (logf)
/usr/lib/gcc/arm-none-eabi/4.8/../../../arm-none-eabi/lib/armv7e-m/fpu/libm.a(lib_a-wf_pow.o)
                              build/obj/ledpwm.o (powf)
/usr/lib/gcc/arm-none-eabi/4.8/../../../arm-none-eabi/lib/armv7e-m/fpu/libm.a(lib_a-wf_sincos.o)
                              build/obj/mcpwm_foc.o (sincosf)
/usr/lib/gcc/arm-none-eabi/4.8/../../../arm-none-eabi/lib/armv7e-m/fpu/libm.a(lib_a-wf_sqrt.o)
                              build/obj/mcpwm.o (sqrtf)
/usr/lib/gcc/arm-none-eabi/4.8/../../../arm-none-eabi/lib/armv7e-m/fpu/libm.a(lib_a-w_sqrt.o)
                              build/obj/digital_filter.o (sqrt)
/usr/lib/gcc/arm-none-eabi/4.8/../../../arm-none-eabi/lib/armv7e-m/fpu/libm.a(lib_a-ef_asin.o)
                              /usr/lib/gcc/arm-none-eabi/4.8/../../../arm-none-eabi/lib/armv7e-m/fpu/libm.a(lib_a-wf_asin.o) (__ieee754_asinf)
/usr/lib/gcc/arm-none-eabi/4.8/../../../arm-none-eabi/lib/armv7e-m/fpu/libm.a(lib_a-ef_atan2.o)
                              /usr/lib/gcc/arm-none-eabi/4.8/../../../arm-none-eabi/lib/armv7e-m/fpu/libm.a(lib_a-wf_atan2.o) (__ieee754_atan2f)
/usr/lib/gcc/arm-none-eabi/4.8/../../../arm-none-eabi/lib/armv7e-m/fpu/libm.a(lib_a-ef_exp.o)
                              /usr/lib/gcc/arm-none-eabi/4.8/../../../arm-none-eabi/lib/armv7e-m/fpu/libm.a(lib_a-wf_exp.o) (__ieee754_expf)
/usr/lib/gcc/arm-none-eabi/4.8/../../../arm-none-eabi/lib/armv7e-m/fpu/libm.a(lib_a-ef_fmod.o)
                              /usr/lib/gcc/arm-none-eabi/4.8/../../../arm-none-eabi/lib/armv7e-m/fpu/libm.a(lib_a-wf_fmod.o) (__ieee754_fmodf)
/usr/lib/gcc/arm-none-eabi/4.8/../../../arm-none-eabi/lib/armv7e-m/fpu/libm.a(lib_a-ef_log.o)
                              /usr/lib/gcc/arm-none-eabi/4.8/../../../arm-none-eabi/lib/armv7e-m/fpu/libm.a(lib_a-wf_log.o) (__ieee754_logf)
/usr/lib/gcc/arm-none-eabi/4.8/../../../arm-none-eabi/lib/armv7e-m/fpu/libm.a(lib_a-ef_pow.o)
                              /usr/lib/gcc/arm-none-eabi/4.8/../../../arm-none-eabi/lib/armv7e-m/fpu/libm.a(lib_a-wf_pow.o) (__ieee754_powf)
/usr/lib/gcc/arm-none-eabi/4.8/../../../arm-none-eabi/lib/armv7e-m/fpu/libm.a(lib_a-ef_rem_pio2.o)
                              /usr/lib/gcc/arm-none-eabi/4.8/../../../arm-none-eabi/lib/armv7e-m/fpu/libm.a(lib_a-sf_cos.o) (__ieee754_rem_pio2f)
/usr/lib/gcc/arm-none-eabi/4.8/../../../arm-none-eabi/lib/armv7e-m/fpu/libm.a(lib_a-ef_sqrt.o)
                              /usr/lib/gcc/arm-none-eabi/4.8/../../../arm-none-eabi/lib/armv7e-m/fpu/libm.a(lib_a-wf_sqrt.o) (__ieee754_sqrtf)
/usr/lib/gcc/arm-none-eabi/4.8/../../../arm-none-eabi/lib/armv7e-m/fpu/libm.a(lib_a-e_sqrt.o)
                              /usr/lib/gcc/arm-none-eabi/4.8/../../../arm-none-eabi/lib/armv7e-m/fpu/libm.a(lib_a-w_sqrt.o) (__ieee754_sqrt)
/usr/lib/gcc/arm-none-eabi/4.8/../../../arm-none-eabi/lib/armv7e-m/fpu/libm.a(lib_a-kf_cos.o)
                              /usr/lib/gcc/arm-none-eabi/4.8/../../../arm-none-eabi/lib/armv7e-m/fpu/libm.a(lib_a-sf_cos.o) (__kernel_cosf)
[...]
Memory Configuration

Name             Origin             Length             Attributes
flash            0x0000000008000000 0x0000000000004000
flash2           0x000000000800c000 0x0000000000078000
ram0             0x0000000020000000 0x0000000000020000
ram1             0x0000000020000000 0x000000000001c000
ram2             0x000000002001c000 0x0000000000004000
ram3             0x0000000000000000 0x0000000000000000
ram4             0x0000000010000000 0x0000000000010000
ram5             0x0000000040024000 0x0000000000001000
ram6             0x0000000000000000 0x0000000000000000
ram7             0x0000000000000000 0x0000000000000000
*default*        0x0000000000000000 0xffffffffffffffff

Linker script and memory map

LOAD build/obj/crt0_v7m.o
LOAD build/obj/chcoreasm_v7m.o
LOAD build/obj/crt1.o
LOAD build/obj/vectors.o
LOAD build/obj/chsys.o
LOAD build/obj/chdebug.o
LOAD build/obj/chvt.o
LOAD build/obj/chschd.o
LOAD build/obj/chthreads.o
LOAD build/obj/chtm.o
LOAD build/obj/chdynamic.o
LOAD build/obj/chregistry.o
LOAD build/obj/chsem.o
LOAD build/obj/chmtx.o
LOAD build/obj/chcond.o
LOAD build/obj/chevents.o
LOAD build/obj/chmsg.o
LOAD build/obj/chmboxes.o
LOAD build/obj/chqueues.o
LOAD build/obj/chmemcore.o
LOAD build/obj/chheap.o
LOAD build/obj/chmempools.o
LOAD build/obj/chcore.o
LOAD build/obj/chcore_v7m.o
LOAD build/obj/osal.o
LOAD build/obj/hal.o
LOAD build/obj/st.o
LOAD build/obj/hal_queues.o
LOAD build/obj/hal_mmcsd.o
LOAD build/obj/can.o
LOAD build/obj/i2c.o
LOAD build/obj/icu.o
LOAD build/obj/pal.o
LOAD build/obj/serial_usb.o
LOAD build/obj/spi.o
LOAD build/obj/uart.o
LOAD build/obj/usb.o
LOAD build/obj/nvic.o
LOAD build/obj/stm32_dma.o
LOAD build/obj/hal_lld.o
LOAD build/obj/st_lld.o
LOAD build/obj/can_lld.o
LOAD build/obj/pal_lld.o
LOAD build/obj/i2c_lld.o
LOAD build/obj/usb_lld.o
LOAD build/obj/spi_lld.o
LOAD build/obj/icu_lld.o
LOAD build/obj/uart_lld.o
LOAD build/obj/chprintf.o
LOAD build/obj/syscalls.o
LOAD build/obj/board.o
LOAD build/obj/main.o
LOAD build/obj/comm_usb_serial.o
LOAD build/obj/irq_handlers.o
LOAD build/obj/buffer.o
LOAD build/obj/comm_usb.o
LOAD build/obj/crc.o
LOAD build/obj/digital_filter.o
LOAD build/obj/ledpwm.o
LOAD build/obj/mcpwm.o
LOAD build/obj/servo_dec.o
LOAD build/obj/utils.o
LOAD build/obj/servo.o
LOAD build/obj/servo_simple.o
LOAD build/obj/packet.o
LOAD build/obj/terminal.o
LOAD build/obj/conf_general.o
LOAD build/obj/eeprom.o
LOAD build/obj/commands.o
LOAD build/obj/timeout.o
LOAD build/obj/comm_can.o
LOAD build/obj/ws2811.o
LOAD build/obj/led_external.o
LOAD build/obj/encoder.o
LOAD build/obj/flash_helper.o
LOAD build/obj/mc_interface.o
LOAD build/obj/mcpwm_foc.o
LOAD build/obj/hw_40.o
LOAD build/obj/hw_45.o
LOAD build/obj/hw_r2.o
LOAD build/obj/hw_46.o
LOAD build/obj/hw_48.o
LOAD build/obj/hw_49.o
LOAD build/obj/hw_410.o
LOAD build/obj/hw_60.o
LOAD build/obj/hw_victor_r1a.o
LOAD build/obj/hw_das_rs.o
LOAD build/obj/drv8301.o
LOAD build/obj/drv8305.o
LOAD build/obj/hw_palta.o
LOAD build/obj/hw_rh.o
LOAD build/obj/hw_tp.o
LOAD build/obj/app.o
LOAD build/obj/app_ppm.o
LOAD build/obj/app_adc.o
LOAD build/obj/app_sten.o
LOAD build/obj/app_uartcomm.o
LOAD build/obj/app_nunchuk.o
LOAD build/obj/app_custom.o
LOAD build/obj/spi_sw.o
LOAD build/obj/rf.o
LOAD build/obj/rfhelp.o
LOAD build/obj/nrf_driver.o
LOAD build/obj/misc.o
LOAD build/obj/stm32f4xx_adc.o
LOAD build/obj/stm32f4xx_dma.o
LOAD build/obj/stm32f4xx_exti.o
LOAD build/obj/stm32f4xx_flash.o
LOAD build/obj/stm32f4xx_rcc.o
LOAD build/obj/stm32f4xx_syscfg.o
LOAD build/obj/stm32f4xx_tim.o
LOAD build/obj/stm32f4xx_wwdg.o
                0x0000000020000000                __ram0_start__ = ORIGIN (ram0)
                0x0000000000020000                __ram0_size__ = 0x20000
                0x0000000020020000                __ram0_end__ = (__ram0_start__ + __ram0_size__)
                0x0000000020000000                __ram1_start__ = ORIGIN (ram1)
                0x000000000001c000                __ram1_size__ = 0x1c000
                0x000000002001c000                __ram1_end__ = (__ram1_start__ + __ram1_size__)
                0x000000002001c000                __ram2_start__ = ORIGIN (ram2)
                0x0000000000004000                __ram2_size__ = 0x4000
                0x0000000020020000                __ram2_end__ = (__ram2_start__ + __ram2_size__)
                0x0000000000000000                __ram3_start__ = ORIGIN (ram3)
                0x0000000000000000                __ram3_size__ = 0x0
                0x0000000000000000                __ram3_end__ = (__ram3_start__ + __ram3_size__)
                0x0000000010000000                __ram4_start__ = ORIGIN (ram4)
                0x0000000000010000                __ram4_size__ = 0x10000
                0x0000000010010000                __ram4_end__ = (__ram4_start__ + __ram4_size__)
                0x0000000040024000                __ram5_start__ = ORIGIN (ram5)
                0x0000000000001000                __ram5_size__ = 0x1000
                0x0000000040025000                __ram5_end__ = (__ram5_start__ + __ram5_size__)
                0x0000000000000000                __ram6_start__ = ORIGIN (ram6)
                0x0000000000000000                __ram6_size__ = 0x0
                0x0000000000000000                __ram6_end__ = (__ram6_start__ + __ram6_size__)
                0x0000000000000000                __ram7_start__ = ORIGIN (ram7)
                0x0000000000000000                __ram7_size__ = 0x0
                0x0000000000000000                __ram7_end__ = (__ram7_start__ + __ram7_size__)
                0x0000000000000000                . = 0x0
                0x0000000000000000                _text = .

startup         0x0000000008000000      0x1c0
 *(.vectors)
 .vectors       0x0000000008000000      0x1c0 build/obj/vectors.o
                0x0000000008000000                _vectors

constructors    0x000000000800c000        0x0
                0x000000000800c000                PROVIDE (__init_array_start, .)
 *(SORT(.init_array.*))
 *(.init_array)
                0x000000000800c000                PROVIDE (__init_array_end, .)

destructors     0x000000000800c000        0x0
                0x000000000800c000                PROVIDE (__fini_array_start, .)
 *(.fini_array)
 *(SORT(.fini_array.*))
                0x000000000800c000                PROVIDE (__fini_array_end, .)

.text           0x000000000800c000    0x250ec
 *(.text)
 .text          0x000000000800c000      0x108 build/obj/crt0_v7m.o
                0x000000000800c000                Reset_Handler
 *fill*         0x000000000800c108        0x8 
 .text          0x000000000800c110       0x30 build/obj/chcoreasm_v7m.o
                0x000000000800c110                _port_switch
                0x000000000800c128                _port_thread_start
                0x000000000800c138                _port_switch_from_isr
                0x000000000800c13c                _port_exit_from_isr
 .text          0x000000000800c140      0x370 /usr/lib/gcc/arm-none-eabi/4.8/armv7e-m/fpu/libgcc.a(_arm_addsubdf3.o)
                0x000000000800c140                __aeabi_drsub
                0x000000000800c148                __aeabi_dsub
                0x000000000800c148                __subdf3
                0x000000000800c14c                __adddf3
                0x000000000800c14c                __aeabi_dadd
                0x000000000800c3c4                __aeabi_ui2d
                0x000000000800c3c4                __floatunsidf
                0x000000000800c3e4                __floatsidf
                0x000000000800c3e4                __aeabi_i2d
                0x000000000800c408                __extendsfdf2
                0x000000000800c408                __aeabi_f2d
                0x000000000800c444                __aeabi_ul2d
                0x000000000800c444                __floatundidf
                0x000000000800c454                __floatdidf
                0x000000000800c454                __aeabi_l2d
 .text          0x000000000800c4b0      0x424 /usr/lib/gcc/arm-none-eabi/4.8/armv7e-m/fpu/libgcc.a(_arm_muldivdf3.o)
                0x000000000800c4b0                __aeabi_dmul
                0x000000000800c4b0                __muldf3
                0x000000000800c704                __aeabi_ddiv
                0x000000000800c704                __divdf3
 *fill*         0x000000000800c8d4        0xc 
 .text          0x000000000800c8e0      0x110 /usr/lib/gcc/arm-none-eabi/4.8/armv7e-m/fpu/libgcc.a(_arm_cmpdf2.o)
                0x000000000800c8e0                __gtdf2
                0x000000000800c8e0                __gedf2
                0x000000000800c8e8                __ltdf2
                0x000000000800c8e8                __ledf2
                0x000000000800c8f0                __cmpdf2
                0x000000000800c8f0                __eqdf2
                0x000000000800c8f0                __nedf2
                0x000000000800c96c                __aeabi_cdrcmple
                0x000000000800c97c                __aeabi_cdcmple
                0x000000000800c97c                __aeabi_cdcmpeq
                0x000000000800c98c                __aeabi_dcmpeq
                0x000000000800c9a0                __aeabi_dcmplt
                0x000000000800c9b4                __aeabi_dcmple
                0x000000000800c9c8                __aeabi_dcmpge
                0x000000000800c9dc                __aeabi_dcmpgt
 .text          0x000000000800c9f0       0x50 /usr/lib/gcc/arm-none-eabi/4.8/armv7e-m/fpu/libgcc.a(_arm_fixdfsi.o)
                0x000000000800c9f0                __fixdfsi
                0x000000000800c9f0                __aeabi_d2iz
 .text          0x000000000800ca40       0xa0 /usr/lib/gcc/arm-none-eabi/4.8/armv7e-m/fpu/libgcc.a(_arm_truncdfsf2.o)
                0x000000000800ca40                __aeabi_d2f
                0x000000000800ca40                __truncdfsf2
 .text          0x000000000800cae0      0x134 /usr/lib/gcc/arm-none-eabi/4.8/../../../arm-none-eabi/lib/armv7e-m/fpu/libg.a(lib_a-memcpy.o)
                0x000000000800cae0                memcpy
 *fill*         0x000000000800cc14        0xc 
 .text          0x000000000800cc20      0x2e0 /usr/lib/gcc/arm-none-eabi/4.8/../../../arm-none-eabi/lib/armv7e-m/fpu/libg.a(lib_a-strcmp.o)
                0x000000000800cc28                strcmp
 .text          0x000000000800cf00       0x40 /usr/lib/gcc/arm-none-eabi/4.8/armv7e-m/fpu/libgcc.a(_arm_fixunsdfsi.o)
                0x000000000800cf00                __fixunsdfsi
                0x000000000800cf00                __aeabi_d2uiz
 .text          0x000000000800cf40       0x2c /usr/lib/gcc/arm-none-eabi/4.8/armv7e-m/fpu/libgcc.a(_aeabi_uldivmod.o)
                0x000000000800cf40                __aeabi_uldivmod
 *fill*         0x000000000800cf6c        0x4 
 .text          0x000000000800cf70       0x60 /usr/lib/gcc/arm-none-eabi/4.8/armv7e-m/fpu/libgcc.a(bpabi.o)
                0x000000000800cf70                __gnu_ldivmod_helper
                0x000000000800cfa0                __gnu_uldivmod_helper
 .text          0x000000000800cfd0        0x4 /usr/lib/gcc/arm-none-eabi/4.8/armv7e-m/fpu/libgcc.a(_dvmd_tls.o)
                0x000000000800cfd0                __aeabi_ldiv0
                0x000000000800cfd0                __aeabi_idiv0
 *fill*         0x000000000800cfd4        0xc 
 .text          0x000000000800cfe0      0x298 /usr/lib/gcc/arm-none-eabi/4.8/armv7e-m/fpu/libgcc.a(_divdi3.o)
                0x000000000800cfe0                __divdi3
 *fill*         0x000000000800d278        0x8 
 .text          0x000000000800d280      0x284 /usr/lib/gcc/arm-none-eabi/4.8/armv7e-m/fpu/libgcc.a(_udivdi3.o)
                0x000000000800d280                __udivdi3
 *(.text.*)
 *fill*         0x000000000800d504        0xc 
 .text.__core_init
                0x000000000800d510       0x10 build/obj/crt1.o
                0x000000000800d510                __core_init
 .text.__late_init
                0x000000000800d520       0x10 build/obj/crt1.o
                0x000000000800d520                __late_init
 .text.__default_exit
                0x000000000800d530       0x10 build/obj/crt1.o
                0x000000000800d530                __default_exit
 .text._unhandled_exception
                0x000000000800d540       0x10 build/obj/vectors.o
                0x000000000800d540                Vector58
                0x000000000800d540                VectorE8
                0x000000000800d540                Vector9C
                0x000000000800d540                VectorAC
                0x000000000800d540                DebugMon_Handler
                0x000000000800d540                Vector1A0
                0x000000000800d540                Vector5C
                0x000000000800d540                Vector11C
                0x000000000800d540                HardFault_Handler
                0x000000000800d540                Vector1B8
                0x000000000800d540                Vector19C
                0x000000000800d540                PendSV_Handler
                0x000000000800d540                Vector168
                0x000000000800d540                NMI_Handler
                0x000000000800d540                Vector110
                0x000000000800d540                VectorA8
                0x000000000800d540                Vector160
                0x000000000800d540                Vector1B0
                0x000000000800d540                UsageFault_Handler
                0x000000000800d540                VectorEC
                0x000000000800d540                Vector40
                0x000000000800d540                Vector108
                0x000000000800d540                VectorBC
                0x000000000800d540                Vector190
                0x000000000800d540                Vector148
                0x000000000800d540                Vector188
                0x000000000800d540                Vector198
                0x000000000800d540                Vector118
                0x000000000800d540                Vector64
                0x000000000800d540                VectorCC
                0x000000000800d540                Vector54
                0x000000000800d540                VectorD8
                0x000000000800d540                Vector138
                0x000000000800d540                Vector24
                0x000000000800d540                Vector1AC
                0x000000000800d540                Vector178
                0x000000000800d540                Vector1A4
                0x000000000800d540                VectorD0
                0x000000000800d540                Vector1B4
                0x000000000800d540                Vector140
                0x000000000800d540                VectorE4
                0x000000000800d540                VectorC0
                0x000000000800d540                Vector134
                0x000000000800d540                VectorF0
                0x000000000800d540                Vector13C
                0x000000000800d540                Vector100
                0x000000000800d540                VectorF4
                0x000000000800d540                MemManage_Handler
                0x000000000800d540                VectorA0
                0x000000000800d540                Vector180
                0x000000000800d540                VectorB0
                0x000000000800d540                Vector114
                0x000000000800d540                Vector164
                0x000000000800d540                Vector60
                0x000000000800d540                Vector1C
                0x000000000800d540                Vector1BC
                0x000000000800d540                Vector17C
                0x000000000800d540                Vector48
                0x000000000800d540                Vector1A8
                0x000000000800d540                Vector16C
                0x000000000800d540                VectorD4
                0x000000000800d540                Vector4C
                0x000000000800d540                Vector144
                0x000000000800d540                Vector68
                0x000000000800d540                _unhandled_exception
                0x000000000800d540                Vector170
                0x000000000800d540                Vector104
                0x000000000800d540                Vector184
                0x000000000800d540                Vector10C
                0x000000000800d540                BusFault_Handler
                0x000000000800d540                Vector50
                0x000000000800d540                Vector194
                0x000000000800d540                Vector44
                0x000000000800d540                Vector28
                0x000000000800d540                Vector34
                0x000000000800d540                VectorA4
                0x000000000800d540                Vector20
                0x000000000800d540                Vector18C
                0x000000000800d540                Vector174
 .text._idle_thread
                0x000000000800d550       0x10 build/obj/chsys.o
 .text.chSysInit
                0x000000000800d560       0xb0 build/obj/chsys.o
                0x000000000800d560                chSysInit
 .text.chSysHalt
                0x000000000800d610       0x10 build/obj/chsys.o
                0x000000000800d610                chSysHalt
 .text.chSysTimerHandlerI
                0x000000000800d620       0x60 build/obj/chsys.o
                0x000000000800d620                chSysTimerHandlerI
 .text.chSysPolledDelayX
                0x000000000800d680       0x20 build/obj/chsys.o
                0x000000000800d680                chSysPolledDelayX
 .text._vt_init
                0x000000000800d6a0       0x20 build/obj/chvt.o
                0x000000000800d6a0                _vt_init
 .text.chVTDoSetI
                0x000000000800d6c0       0x40 build/obj/chvt.o
                0x000000000800d6c0                chVTDoSetI
 .text.chVTDoResetI
                0x000000000800d700       0x30 build/obj/chvt.o
                0x000000000800d700                chVTDoResetI
 .text.wakeup   0x000000000800d730       0x70 build/obj/chschd.o
 .text._scheduler_init
                0x000000000800d7a0       0x20 build/obj/chschd.o
                0x000000000800d7a0                _scheduler_init
 .text.chSchReadyI
                0x000000000800d7c0       0x30 build/obj/chschd.o
                0x000000000800d7c0                chSchReadyI
 .text.chSchGoSleepS
                0x000000000800d7f0       0x30 build/obj/chschd.o
                0x000000000800d7f0                chSchGoSleepS
 .text.chSchGoSleepTimeoutS
                0x000000000800d820       0x50 build/obj/chschd.o
                0x000000000800d820                chSchGoSleepTimeoutS
 .text.chSchWakeupS
                0x000000000800d870       0x60 build/obj/chschd.o
                0x000000000800d870                chSchWakeupS
 .text.chSchIsPreemptionRequired
                0x000000000800d8d0       0x30 build/obj/chschd.o
                0x000000000800d8d0                chSchIsPreemptionRequired
 .text.chSchDoRescheduleBehind
                0x000000000800d900       0x40 build/obj/chschd.o
                0x000000000800d900                chSchDoRescheduleBehind
 .text.chSchDoRescheduleAhead
                0x000000000800d940       0x40 build/obj/chschd.o
                0x000000000800d940                chSchDoRescheduleAhead
 .text.chSchRescheduleS
                0x000000000800d980       0x20 build/obj/chschd.o
                0x000000000800d980                chSchRescheduleS
 .text.chSchDoReschedule
                0x000000000800d9a0       0x20 build/obj/chschd.o
                0x000000000800d9a0                chSchDoReschedule
 .text._thread_init
                0x000000000800d9c0       0x50 build/obj/chthreads.o
                0x000000000800d9c0                _thread_init
 .text.chThdCreateI
                0x000000000800da10       0x70 build/obj/chthreads.o
                0x000000000800da10                chThdCreateI
 .text.chThdCreateStatic
                0x000000000800da80       0x90 build/obj/chthreads.o
                0x000000000800da80                chThdCreateStatic
 .text.chThdSleep
                0x000000000800db10       0x20 build/obj/chthreads.o
                0x000000000800db10                chThdSleep
 .text.chThdExitS
                0x000000000800db30       0x40 build/obj/chthreads.o
                0x000000000800db30                chThdExitS
 .text.chThdExit
                0x000000000800db70       0x10 build/obj/chthreads.o
                0x000000000800db70                chThdExit
 .text.chThdSuspendS
                0x000000000800db80       0x20 build/obj/chthreads.o
                0x000000000800db80                chThdSuspendS
 .text.chThdSuspendTimeoutS
                0x000000000800dba0       0x20 build/obj/chthreads.o
                0x000000000800dba0                chThdSuspendTimeoutS
 .text.chThdResumeI
                0x000000000800dbc0       0x20 build/obj/chthreads.o
                0x000000000800dbc0                chThdResumeI
 .text.chThdEnqueueTimeoutS
                0x000000000800dbe0       0x30 build/obj/chthreads.o
                0x000000000800dbe0                chThdEnqueueTimeoutS
 .text.chThdDequeueAllI
                0x000000000800dc10       0x30 build/obj/chthreads.o
                0x000000000800dc10                chThdDequeueAllI
 .text.chTMStartMeasurementX
                0x000000000800dc40       0x10 build/obj/chtm.o
                0x000000000800dc40                chTMStartMeasurementX
 .text.chTMStopMeasurementX
                0x000000000800dc50       0x50 build/obj/chtm.o
                0x000000000800dc50                chTMStopMeasurementX
 .text._tm_init
                0x000000000800dca0       0x40 build/obj/chtm.o
                0x000000000800dca0                _tm_init
 .text.chThdRelease
                0x000000000800dce0       0x50 build/obj/chdynamic.o
                0x000000000800dce0                chThdRelease
 .text.chRegFirstThread
                0x000000000800dd30       0x20 build/obj/chregistry.o
                0x000000000800dd30                chRegFirstThread
 .text.chRegNextThread
                0x000000000800dd50       0x30 build/obj/chregistry.o
                0x000000000800dd50                chRegNextThread
 .text.chMtxObjectInit
                0x000000000800dd80       0x10 build/obj/chmtx.o
                0x000000000800dd80                chMtxObjectInit
 .text.chMtxLockS
                0x000000000800dd90       0xd0 build/obj/chmtx.o
                0x000000000800dd90                chMtxLockS
 .text.chMtxLock
                0x000000000800de60       0x20 build/obj/chmtx.o
                0x000000000800de60                chMtxLock
 .text.chMtxUnlock
                0x000000000800de80       0x70 build/obj/chmtx.o
                0x000000000800de80                chMtxUnlock
 .text.chEvtRegisterMaskWithFlags
                0x000000000800def0       0x30 build/obj/chevents.o
                0x000000000800def0                chEvtRegisterMaskWithFlags
 .text.chEvtUnregister
                0x000000000800df20       0x30 build/obj/chevents.o
                0x000000000800df20                chEvtUnregister
 .text.chEvtSignalI
                0x000000000800df50       0x30 build/obj/chevents.o
                0x000000000800df50                chEvtSignalI
 .text.chEvtBroadcastFlagsI
                0x000000000800df80       0x30 build/obj/chevents.o
                0x000000000800df80                chEvtBroadcastFlagsI
 .text.chEvtSignal
                0x000000000800dfb0       0x20 build/obj/chevents.o
                0x000000000800dfb0                chEvtSignal
 .text.chEvtWaitAny
                0x000000000800dfd0       0x40 build/obj/chevents.o
                0x000000000800dfd0                chEvtWaitAny
 .text.chEvtWaitAnyTimeout
                0x000000000800e010       0x50 build/obj/chevents.o
                0x000000000800e010                chEvtWaitAnyTimeout
 .text.chIQObjectInit
                0x000000000800e060       0x20 build/obj/chqueues.o
                0x000000000800e060                chIQObjectInit
 .text.chIQResetI
                0x000000000800e080       0x20 build/obj/chqueues.o
                0x000000000800e080                chIQResetI
 .text.chIQGetTimeout
                0x000000000800e0a0       0x50 build/obj/chqueues.o
                0x000000000800e0a0                chIQGetTimeout
 .text.chIQReadTimeout
                0x000000000800e0f0       0x80 build/obj/chqueues.o
                0x000000000800e0f0                chIQReadTimeout
 .text.chOQObjectInit
                0x000000000800e170       0x20 build/obj/chqueues.o
                0x000000000800e170                chOQObjectInit
 .text.chOQResetI
                0x000000000800e190       0x20 build/obj/chqueues.o
                0x000000000800e190                chOQResetI
 .text.chOQPutTimeout
                0x000000000800e1b0       0x60 build/obj/chqueues.o
                0x000000000800e1b0                chOQPutTimeout
 .text.chOQWriteTimeout
                0x000000000800e210       0x90 build/obj/chqueues.o
                0x000000000800e210                chOQWriteTimeout
 .text._core_init
                0x000000000800e2a0       0x30 build/obj/chmemcore.o
                0x000000000800e2a0                _core_init
 .text.chCoreAlloc
                0x000000000800e2d0       0x40 build/obj/chmemcore.o
                0x000000000800e2d0                chCoreAlloc
 .text.chCoreGetStatusX
                0x000000000800e310       0x20 build/obj/chmemcore.o
                0x000000000800e310                chCoreGetStatusX
 .text._heap_init
                0x000000000800e330       0x20 build/obj/chheap.o
                0x000000000800e330                _heap_init
 .text.chHeapFree
                0x000000000800e350       0xa0 build/obj/chheap.o
                0x000000000800e350                chHeapFree
 .text.chHeapStatus
                0x000000000800e3f0       0x40 build/obj/chheap.o
                0x000000000800e3f0                chHeapStatus
 .text.chPoolFree
                0x000000000800e430       0x20 build/obj/chmempools.o
                0x000000000800e430                chPoolFree
 .text.SVC_Handler
                0x000000000800e450       0x20 build/obj/chcore_v7m.o
                0x000000000800e450                SVC_Handler
 .text._port_irq_epilogue
                0x000000000800e470       0x60 build/obj/chcore_v7m.o
                0x000000000800e470                _port_irq_epilogue
 .text.halInit  0x000000000800e4d0       0x40 build/obj/hal.o
                0x000000000800e4d0                halInit
 .text.stInit   0x000000000800e510       0x10 build/obj/st.o
                0x000000000800e510                stInit
 .text.canInit  0x000000000800e520       0x10 build/obj/can.o
                0x000000000800e520                canInit
 .text.canObjectInit
                0x000000000800e530       0x50 build/obj/can.o
                0x000000000800e530                canObjectInit
 .text.canStart
                0x000000000800e580       0x20 build/obj/can.o
                0x000000000800e580                canStart
 .text.canStop  0x000000000800e5a0       0x40 build/obj/can.o
                0x000000000800e5a0                canStop
 .text.canTransmit
                0x000000000800e5e0       0x50 build/obj/can.o
                0x000000000800e5e0                canTransmit
 .text.canReceive
                0x000000000800e630       0x50 build/obj/can.o
                0x000000000800e630                canReceive
 .text.i2cInit  0x000000000800e680       0x10 build/obj/i2c.o
                0x000000000800e680                i2cInit
 .text.i2cObjectInit
                0x000000000800e690       0x10 build/obj/i2c.o
                0x000000000800e690                i2cObjectInit
 .text.i2cStart
                0x000000000800e6a0       0x20 build/obj/i2c.o
                0x000000000800e6a0                i2cStart
 .text.i2cStop  0x000000000800e6c0       0x20 build/obj/i2c.o
                0x000000000800e6c0                i2cStop
 .text.i2cMasterTransmitTimeout
                0x000000000800e6e0       0x40 build/obj/i2c.o
                0x000000000800e6e0                i2cMasterTransmitTimeout
 .text.i2cMasterReceiveTimeout
                0x000000000800e720       0x30 build/obj/i2c.o
                0x000000000800e720                i2cMasterReceiveTimeout
 .text.i2cAcquireBus
                0x000000000800e750       0x10 build/obj/i2c.o
                0x000000000800e750                i2cAcquireBus
 .text.i2cReleaseBus
                0x000000000800e760       0x10 build/obj/i2c.o
                0x000000000800e760                i2cReleaseBus
 .text.icuInit  0x000000000800e770       0x10 build/obj/icu.o
                0x000000000800e770                icuInit
 .text.icuObjectInit
                0x000000000800e780       0x10 build/obj/icu.o
                0x000000000800e780                icuObjectInit
 .text.icuStart
                0x000000000800e790       0x20 build/obj/icu.o
                0x000000000800e790                icuStart
 .text.icuStop  0x000000000800e7b0       0x20 build/obj/icu.o
                0x000000000800e7b0                icuStop
 .text.icuStartCapture
                0x000000000800e7d0       0x20 build/obj/icu.o
                0x000000000800e7d0                icuStartCapture
 .text.icuEnableNotifications
                0x000000000800e7f0       0x20 build/obj/icu.o
                0x000000000800e7f0                icuEnableNotifications
 .text.onotify  0x000000000800e810       0x60 build/obj/serial_usb.o
 .text.inotify  0x000000000800e870       0x70 build/obj/serial_usb.o
 .text.readt    0x000000000800e8e0       0x10 build/obj/serial_usb.o
 .text.read     0x000000000800e8f0       0x10 build/obj/serial_usb.o
 .text.writet   0x000000000800e900       0x10 build/obj/serial_usb.o
 .text.write    0x000000000800e910       0x10 build/obj/serial_usb.o
 .text.gett     0x000000000800e920       0x10 build/obj/serial_usb.o
 .text.get      0x000000000800e930       0x10 build/obj/serial_usb.o
 .text.putt     0x000000000800e940       0x10 build/obj/serial_usb.o
 .text.put      0x000000000800e950       0x10 build/obj/serial_usb.o
 .text.sduInit  0x000000000800e960       0x10 build/obj/serial_usb.o
                0x000000000800e960                sduInit
 .text.sduObjectInit
                0x000000000800e970       0x50 build/obj/serial_usb.o
                0x000000000800e970                sduObjectInit
 .text.sduStart
                0x000000000800e9c0       0x40 build/obj/serial_usb.o
                0x000000000800e9c0                sduStart
 .text.sduConfigureHookI
                0x000000000800ea00       0x50 build/obj/serial_usb.o
                0x000000000800ea00                sduConfigureHookI
 .text.sduRequestsHook
                0x000000000800ea50       0x40 build/obj/serial_usb.o
                0x000000000800ea50                sduRequestsHook
 .text.sduDataTransmitted
                0x000000000800ea90       0x70 build/obj/serial_usb.o
                0x000000000800ea90                sduDataTransmitted
 .text.sduDataReceived
                0x000000000800eb00       0x70 build/obj/serial_usb.o
                0x000000000800eb00                sduDataReceived
 .text.sduInterruptTransmitted
                0x000000000800eb70       0x10 build/obj/serial_usb.o
                0x000000000800eb70                sduInterruptTransmitted
 .text.spiInit  0x000000000800eb80       0x10 build/obj/spi.o
                0x000000000800eb80                spiInit
 .text.spiObjectInit
                0x000000000800eb90       0x10 build/obj/spi.o
                0x000000000800eb90                spiObjectInit
 .text.uartInit
                0x000000000800eba0       0x10 build/obj/uart.o
                0x000000000800eba0                uartInit
 .text.uartObjectInit
                0x000000000800ebb0       0x10 build/obj/uart.o
                0x000000000800ebb0                uartObjectInit
 .text.uartStart
                0x000000000800ebc0       0x20 build/obj/uart.o
                0x000000000800ebc0                uartStart
 .text.uartStop
                0x000000000800ebe0       0x20 build/obj/uart.o
                0x000000000800ebe0                uartStop
 .text.uartStartSend
                0x000000000800ec00       0x20 build/obj/uart.o
                0x000000000800ec00                uartStartSend
 .text.usbInit  0x000000000800ec20       0x10 build/obj/usb.o
                0x000000000800ec20                usbInit
 .text.usbObjectInit
                0x000000000800ec30       0x20 build/obj/usb.o
                0x000000000800ec30                usbObjectInit
 .text.usbStart
                0x000000000800ec50       0x30 build/obj/usb.o
                0x000000000800ec50                usbStart
 .text.usbStop  0x000000000800ec80       0x20 build/obj/usb.o
                0x000000000800ec80                usbStop
 .text.usbInitEndpointI
                0x000000000800eca0       0x40 build/obj/usb.o
                0x000000000800eca0                usbInitEndpointI
 .text.usbPrepareQueuedReceive
                0x000000000800ece0       0x20 build/obj/usb.o
                0x000000000800ece0                usbPrepareQueuedReceive
 .text.usbPrepareQueuedTransmit
                0x000000000800ed00       0x20 build/obj/usb.o
                0x000000000800ed00                usbPrepareQueuedTransmit
 .text.usbStartReceiveI
                0x000000000800ed20       0x30 build/obj/usb.o
                0x000000000800ed20                usbStartReceiveI
 .text.usbStartTransmitI
                0x000000000800ed50       0x30 build/obj/usb.o
                0x000000000800ed50                usbStartTransmitI
 .text._usb_reset
                0x000000000800ed80       0x30 build/obj/usb.o
                0x000000000800ed80                _usb_reset
 .text._usb_ep0setup
                0x000000000800edb0      0x350 build/obj/usb.o
                0x000000000800edb0                _usb_ep0setup
 .text._usb_ep0in
                0x000000000800f100       0xd0 build/obj/usb.o
                0x000000000800f100                _usb_ep0in
 .text._usb_ep0out
                0x000000000800f1d0       0x90 build/obj/usb.o
                0x000000000800f1d0                _usb_ep0out
 .text.nvicEnableVector
                0x000000000800f260       0x40 build/obj/nvic.o
                0x000000000800f260                nvicEnableVector
 .text.nvicDisableVector
                0x000000000800f2a0       0x30 build/obj/nvic.o
                0x000000000800f2a0                nvicDisableVector
 .text.nvicSetSystemHandlerPriority
                0x000000000800f2d0       0x10 build/obj/nvic.o
                0x000000000800f2d0                nvicSetSystemHandlerPriority
 .text.Vector6C
                0x000000000800f2e0       0x30 build/obj/stm32_dma.o
                0x000000000800f2e0                Vector6C
 .text.Vector70
                0x000000000800f310       0x30 build/obj/stm32_dma.o
                0x000000000800f310                Vector70
 .text.Vector74
                0x000000000800f340       0x30 build/obj/stm32_dma.o
                0x000000000800f340                Vector74
 .text.Vector78
                0x000000000800f370       0x30 build/obj/stm32_dma.o
                0x000000000800f370                Vector78
 .text.Vector7C
                0x000000000800f3a0       0x30 build/obj/stm32_dma.o
                0x000000000800f3a0                Vector7C
 .text.Vector80
                0x000000000800f3d0       0x30 build/obj/stm32_dma.o
                0x000000000800f3d0                Vector80
 .text.Vector84
                0x000000000800f400       0x30 build/obj/stm32_dma.o
                0x000000000800f400                Vector84
 .text.VectorFC
                0x000000000800f430       0x30 build/obj/stm32_dma.o
                0x000000000800f430                VectorFC
 .text.Vector120
                0x000000000800f460       0x30 build/obj/stm32_dma.o
                0x000000000800f460                Vector120
 .text.Vector124
                0x000000000800f490       0x30 build/obj/stm32_dma.o
                0x000000000800f490                Vector124
 .text.Vector128
                0x000000000800f4c0       0x30 build/obj/stm32_dma.o
                0x000000000800f4c0                Vector128
 .text.Vector12C
                0x000000000800f4f0       0x30 build/obj/stm32_dma.o
                0x000000000800f4f0                Vector12C
 .text.Vector130
                0x000000000800f520       0x30 build/obj/stm32_dma.o
                0x000000000800f520                Vector130
 .text.Vector150
                0x000000000800f550       0x30 build/obj/stm32_dma.o
                0x000000000800f550                Vector150
 .text.Vector154
                0x000000000800f580       0x30 build/obj/stm32_dma.o
                0x000000000800f580                Vector154
 .text.Vector158
                0x000000000800f5b0       0x30 build/obj/stm32_dma.o
                0x000000000800f5b0                Vector158
 .text.dmaInit  0x000000000800f5e0       0x50 build/obj/stm32_dma.o
                0x000000000800f5e0                dmaInit
 .text.dmaStreamAllocate
                0x000000000800f630       0xa0 build/obj/stm32_dma.o
                0x000000000800f630                dmaStreamAllocate
 .text.dmaStreamRelease
                0x000000000800f6d0       0x50 build/obj/stm32_dma.o
                0x000000000800f6d0                dmaStreamRelease
 .text.hal_lld_init
                0x000000000800f720       0x70 build/obj/hal_lld.o
                0x000000000800f720                hal_lld_init
 .text.stm32_clock_init
                0x000000000800f790       0xd0 build/obj/hal_lld.o
                0x000000000800f790                stm32_clock_init
 .text.SysTick_Handler
                0x000000000800f860       0x20 build/obj/st_lld.o
                0x000000000800f860                SysTick_Handler
 .text.st_lld_init
                0x000000000800f880       0x20 build/obj/st_lld.o
                0x000000000800f880                st_lld_init
 .text.can_lld_set_filters
                0x000000000800f8a0      0x120 build/obj/can_lld.o
 .text.Vector8C
                0x000000000800f9c0       0x40 build/obj/can_lld.o
                0x000000000800f9c0                Vector8C
 .text.Vector90
                0x000000000800fa00       0x70 build/obj/can_lld.o
                0x000000000800fa00                Vector90
 .text.Vector94
                0x000000000800fa70       0x70 build/obj/can_lld.o
                0x000000000800fa70                Vector94
 .text.Vector98
                0x000000000800fae0       0x80 build/obj/can_lld.o
                0x000000000800fae0                Vector98
 .text.can_lld_init
                0x000000000800fb60       0x30 build/obj/can_lld.o
                0x000000000800fb60                can_lld_init
 .text.can_lld_start
                0x000000000800fb90       0x70 build/obj/can_lld.o
                0x000000000800fb90                can_lld_start
 .text.can_lld_stop
                0x000000000800fc00       0x50 build/obj/can_lld.o
                0x000000000800fc00                can_lld_stop
 .text.can_lld_is_tx_empty
                0x000000000800fc50       0x40 build/obj/can_lld.o
                0x000000000800fc50                can_lld_is_tx_empty
 .text.can_lld_transmit
                0x000000000800fc90       0x80 build/obj/can_lld.o
                0x000000000800fc90                can_lld_transmit
 .text.can_lld_is_rx_nonempty
                0x000000000800fd10       0x40 build/obj/can_lld.o
                0x000000000800fd10                can_lld_is_rx_nonempty
 .text.can_lld_receive
                0x000000000800fd50       0xd0 build/obj/can_lld.o
                0x000000000800fd50                can_lld_receive
 .text._pal_lld_init
                0x000000000800fe20      0x1c0 build/obj/pal_lld.o
                0x000000000800fe20                _pal_lld_init
 .text._pal_lld_setgroupmode
                0x000000000800ffe0       0xd0 build/obj/pal_lld.o
                0x000000000800ffe0                _pal_lld_setgroupmode
 .text.i2c_lld_serve_tx_end_irq
                0x00000000080100b0       0x40 build/obj/i2c_lld.o
 .text.i2c_lld_serve_rx_end_irq
                0x00000000080100f0       0x70 build/obj/i2c_lld.o
 .text.VectorC4
                0x0000000008010160      0x100 build/obj/i2c_lld.o
                0x0000000008010160                VectorC4
 .text.VectorC8
                0x0000000008010260       0xe0 build/obj/i2c_lld.o
                0x0000000008010260                VectorC8
 .text.i2c_lld_init
                0x0000000008010340       0x30 build/obj/i2c_lld.o
                0x0000000008010340                i2c_lld_init
 .text.i2c_lld_start
                0x0000000008010370      0x180 build/obj/i2c_lld.o
                0x0000000008010370                i2c_lld_start
 .text.i2c_lld_stop
                0x00000000080104f0       0x90 build/obj/i2c_lld.o
                0x00000000080104f0                i2c_lld_stop
 .text.i2c_lld_master_receive_timeout
                0x0000000008010580       0x70 build/obj/i2c_lld.o
                0x0000000008010580                i2c_lld_master_receive_timeout
 .text.i2c_lld_master_transmit_timeout
                0x00000000080105f0       0xa0 build/obj/i2c_lld.o
                0x00000000080105f0                i2c_lld_master_transmit_timeout
 .text.usb_lld_pump
                0x0000000008010690      0x320 build/obj/usb_lld.o
                0x0000000008010690                usb_lld_pump
 .text.otg_disable_ep.isra.0
                0x00000000080109b0       0x80 build/obj/usb_lld.o
 .text.usb_lld_init
                0x0000000008010a30       0x30 build/obj/usb_lld.o
                0x0000000008010a30                usb_lld_init
 .text.usb_lld_start
                0x0000000008010a60       0xf0 build/obj/usb_lld.o
                0x0000000008010a60                usb_lld_start
 .text.usb_lld_stop
                0x0000000008010b50       0x50 build/obj/usb_lld.o
                0x0000000008010b50                usb_lld_stop
 .text.usb_lld_reset
                0x0000000008010ba0       0xc0 build/obj/usb_lld.o
                0x0000000008010ba0                usb_lld_reset
 .text.usb_lld_set_address
                0x0000000008010c60       0x20 build/obj/usb_lld.o
                0x0000000008010c60                usb_lld_set_address
 .text.usb_lld_init_endpoint
                0x0000000008010c80      0x170 build/obj/usb_lld.o
                0x0000000008010c80                usb_lld_init_endpoint
 .text.usb_lld_get_status_out
                0x0000000008010df0       0x20 build/obj/usb_lld.o
                0x0000000008010df0                usb_lld_get_status_out
 .text.usb_lld_get_status_in
                0x0000000008010e10       0x20 build/obj/usb_lld.o
                0x0000000008010e10                usb_lld_get_status_in
 .text.usb_lld_read_setup
                0x0000000008010e30       0x20 build/obj/usb_lld.o
                0x0000000008010e30                usb_lld_read_setup
 .text.usb_lld_prepare_receive
                0x0000000008010e50       0x50 build/obj/usb_lld.o
                0x0000000008010e50                usb_lld_prepare_receive
 .text.otg_epout_handler
                0x0000000008010ea0       0x90 build/obj/usb_lld.o
 .text.usb_lld_prepare_transmit
                0x0000000008010f30       0x50 build/obj/usb_lld.o
                0x0000000008010f30                usb_lld_prepare_transmit
 .text.otg_epin_handler
                0x0000000008010f80       0xd0 build/obj/usb_lld.o
 .text.Vector14C
                0x0000000008011050      0x110 build/obj/usb_lld.o
                0x0000000008011050                Vector14C
 .text.usb_lld_start_out
                0x0000000008011160       0x20 build/obj/usb_lld.o
                0x0000000008011160                usb_lld_start_out
 .text.usb_lld_start_in
                0x0000000008011180       0x30 build/obj/usb_lld.o
                0x0000000008011180                usb_lld_start_in
 .text.usb_lld_stall_out
                0x00000000080111b0       0x20 build/obj/usb_lld.o
                0x00000000080111b0                usb_lld_stall_out
 .text.usb_lld_stall_in
                0x00000000080111d0       0x20 build/obj/usb_lld.o
                0x00000000080111d0                usb_lld_stall_in
 .text.usb_lld_clear_out
                0x00000000080111f0       0x20 build/obj/usb_lld.o
                0x00000000080111f0                usb_lld_clear_out
 .text.usb_lld_clear_in
                0x0000000008011210       0x20 build/obj/usb_lld.o
                0x0000000008011210                usb_lld_clear_in
 .text.spi_lld_init
                0x0000000008011230       0x50 build/obj/spi_lld.o
                0x0000000008011230                spi_lld_init
 .text.VectorB4
                0x0000000008011280       0x80 build/obj/icu_lld.o
                0x0000000008011280                VectorB4
 .text.icu_lld_init
                0x0000000008011300       0x20 build/obj/icu_lld.o
                0x0000000008011300                icu_lld_init
 .text.icu_lld_start
                0x0000000008011320       0xc0 build/obj/icu_lld.o
                0x0000000008011320                icu_lld_start
 .text.icu_lld_stop
                0x00000000080113e0       0x40 build/obj/icu_lld.o
                0x00000000080113e0                icu_lld_stop
 .text.icu_lld_start_capture
                0x0000000008011420       0x20 build/obj/icu_lld.o
                0x0000000008011420                icu_lld_start_capture
 .text.icu_lld_enable_notifications
                0x0000000008011440       0x40 build/obj/icu_lld.o
                0x0000000008011440                icu_lld_enable_notifications
 .text.usart_stop
                0x0000000008011480       0x50 build/obj/uart_lld.o
 .text.serve_usart_irq
                0x00000000080114d0       0x70 build/obj/uart_lld.o
 .text.uart_lld_serve_tx_end_irq
                0x0000000008011540       0x50 build/obj/uart_lld.o
 .text.uart_lld_serve_rx_end_irq
                0x0000000008011590       0x90 build/obj/uart_lld.o
 .text.VectorDC
                0x0000000008011620       0x20 build/obj/uart_lld.o
                0x0000000008011620                VectorDC
 .text.Vector15C
                0x0000000008011640       0x20 build/obj/uart_lld.o
                0x0000000008011640                Vector15C
 .text.uart_lld_init
                0x0000000008011660       0x50 build/obj/uart_lld.o
                0x0000000008011660                uart_lld_init
 .text.uart_lld_start
                0x00000000080116b0      0x170 build/obj/uart_lld.o
                0x00000000080116b0                uart_lld_start
 .text.uart_lld_stop
                0x0000000008011820       0x60 build/obj/uart_lld.o
                0x0000000008011820                uart_lld_stop
 .text.uart_lld_start_send
                0x0000000008011880       0x40 build/obj/uart_lld.o
                0x0000000008011880                uart_lld_start_send
 .text._sbrk_r  0x00000000080118c0       0x20 build/obj/syscalls.o
                0x00000000080118c0                _sbrk_r
 .text.__early_init
                0x00000000080118e0       0x10 build/obj/board.o
                0x00000000080118e0                __early_init
 .text.boardInit
                0x00000000080118f0       0x10 build/obj/board.o
                0x00000000080118f0                boardInit
 .text.timer_thread
                0x0000000008011900       0x20 build/obj/main.o
 .text.periodic_thread
                0x0000000008011920      0x130 build/obj/main.o
 .text.startup.main
                0x0000000008011a50       0xa0 build/obj/main.o
                0x0000000008011a50                main
 .text.get_descriptor
                0x0000000008011af0       0x40 build/obj/comm_usb_serial.o
 .text.usb_event
                0x0000000008011b30       0x40 build/obj/comm_usb_serial.o
 .text.comm_usb_serial_init
                0x0000000008011b70       0x70 build/obj/comm_usb_serial.o
                0x0000000008011b70                comm_usb_serial_init
 .text.Vector88
                0x0000000008011be0       0x20 build/obj/irq_handlers.o
                0x0000000008011be0                Vector88
 .text.VectorE0
                0x0000000008011c00       0x20 build/obj/irq_handlers.o
                0x0000000008011c00                VectorE0
 .text.VectorB8
                0x0000000008011c20       0x30 build/obj/irq_handlers.o
                0x0000000008011c20                VectorB8
 .text.VectorF8
                0x0000000008011c50       0x30 build/obj/irq_handlers.o
                0x0000000008011c50                VectorF8
 .text.buffer_append_int16
                0x0000000008011c80       0x20 build/obj/buffer.o
                0x0000000008011c80                buffer_append_int16
 .text.buffer_append_uint16
                0x0000000008011ca0       0x20 build/obj/buffer.o
                0x0000000008011ca0                buffer_append_uint16
 .text.buffer_append_int32
                0x0000000008011cc0       0x30 build/obj/buffer.o
                0x0000000008011cc0                buffer_append_int32
 .text.buffer_append_uint32
                0x0000000008011cf0       0x30 build/obj/buffer.o
                0x0000000008011cf0                buffer_append_uint32
 .text.buffer_append_float16
                0x0000000008011d20       0x30 build/obj/buffer.o
                0x0000000008011d20                buffer_append_float16
 .text.buffer_append_float32
                0x0000000008011d50       0x20 build/obj/buffer.o
                0x0000000008011d50                buffer_append_float32
 .text.buffer_append_float32_auto
                0x0000000008011d70       0x80 build/obj/buffer.o
                0x0000000008011d70                buffer_append_float32_auto
 .text.buffer_get_int16
                0x0000000008011df0       0x20 build/obj/buffer.o
                0x0000000008011df0                buffer_get_int16
 .text.buffer_get_uint16
                0x0000000008011e10       0x20 build/obj/buffer.o
                0x0000000008011e10                buffer_get_uint16
 .text.buffer_get_int32
                0x0000000008011e30       0x30 build/obj/buffer.o
                0x0000000008011e30                buffer_get_int32
 .text.buffer_get_uint32
                0x0000000008011e60       0x30 build/obj/buffer.o
                0x0000000008011e60                buffer_get_uint32
 .text.buffer_get_float32
                0x0000000008011e90       0x20 build/obj/buffer.o
                0x0000000008011e90                buffer_get_float32
 .text.buffer_get_float32_auto
                0x0000000008011eb0       0x50 build/obj/buffer.o
                0x0000000008011eb0                buffer_get_float32_auto
 .text.send_packet
                0x0000000008011f00       0x20 build/obj/comm_usb.o
 .text.serial_process_thread
                0x0000000008011f20       0x70 build/obj/comm_usb.o
 .text.serial_read_thread
                0x0000000008011f90       0x70 build/obj/comm_usb.o
 .text.process_packet
                0x0000000008012000       0x20 build/obj/comm_usb.o
 .text.send_packet_wrapper
                0x0000000008012020       0x30 build/obj/comm_usb.o
 .text.comm_usb_init
                0x0000000008012050       0x60 build/obj/comm_usb.o
                0x0000000008012050                comm_usb_init
 .text.crc16    0x00000000080120b0       0x30 build/obj/crc.o
                0x00000000080120b0                crc16
 .text.filter_fft
                0x00000000080120e0      0x1f0 build/obj/digital_filter.o
                0x00000000080120e0                filter_fft
 .text.filter_hamming
                0x00000000080122d0       0xe0 build/obj/digital_filter.o
                0x00000000080122d0                filter_hamming
 .text.filter_create_fir_lowpass
                0x00000000080123b0       0xc0 build/obj/digital_filter.o
                0x00000000080123b0                filter_create_fir_lowpass
 .text.filter_run_fir_iteration
                0x0000000008012470       0x50 build/obj/digital_filter.o
                0x0000000008012470                filter_run_fir_iteration
 .text.filter_add_sample
                0x00000000080124c0       0x30 build/obj/digital_filter.o
                0x00000000080124c0                filter_add_sample
 .text.ledpwm_init
                0x00000000080124f0       0x60 build/obj/ledpwm.o
                0x00000000080124f0                ledpwm_init
 .text.ledpwm_set_intensity
                0x0000000008012550       0x50 build/obj/ledpwm.o
                0x0000000008012550                ledpwm_set_intensity
 .text.ledpwm_update_pwm
                0x00000000080125a0       0x40 build/obj/ledpwm.o
                0x00000000080125a0                ledpwm_update_pwm
 .text.update_adc_sample_pos
                0x00000000080125e0      0x200 build/obj/mcpwm.o
 .text.update_rpm_tacho
                0x00000000080127e0       0xa0 build/obj/mcpwm.o
 .text.update_sensor_mode
                0x0000000008012880       0x60 build/obj/mcpwm.o
 .text.update_timer_attempt
                0x00000000080128e0       0x80 build/obj/mcpwm.o
 .text.set_next_timer_settings
                0x0000000008012960       0x30 build/obj/mcpwm.o
 .text.set_switching_frequency
                0x0000000008012990       0x60 build/obj/mcpwm.o
 .text.set_duty_cycle_hw
                0x00000000080129f0      0x120 build/obj/mcpwm.o
 .text.set_next_comm_step
                0x0000000008012b10      0x540 build/obj/mcpwm.o
 .text.full_brake_hw
                0x0000000008013050       0x80 build/obj/mcpwm.o
 .text.stop_pwm_hw
                0x00000000080130d0       0x80 build/obj/mcpwm.o
 .text.commutate
                0x0000000008013150      0x100 build/obj/mcpwm.o
 .text.timer_thread
                0x0000000008013250      0x280 build/obj/mcpwm.o
 .text.mcpwm_deinit
                0x00000000080134d0       0x80 build/obj/mcpwm.o
                0x00000000080134d0                mcpwm_deinit
 .text.mcpwm_init_done
                0x0000000008013550       0x10 build/obj/mcpwm.o
                0x0000000008013550                mcpwm_init_done
 .text.mcpwm_init_hall_table
                0x0000000008013560       0x50 build/obj/mcpwm.o
                0x0000000008013560                mcpwm_init_hall_table
 .text.mcpwm_init
                0x00000000080135b0      0x6b0 build/obj/mcpwm.o
                0x00000000080135b0                mcpwm_init
 .text.mcpwm_set_configuration
                0x0000000008013c60       0x50 build/obj/mcpwm.o
                0x0000000008013c60                mcpwm_set_configuration
 .text.mcpwm_set_pid_speed
                0x0000000008013cb0       0x20 build/obj/mcpwm.o
                0x0000000008013cb0                mcpwm_set_pid_speed
 .text.mcpwm_set_brake_current
                0x0000000008013cd0       0xe0 build/obj/mcpwm.o
                0x0000000008013cd0                mcpwm_set_brake_current
 .text.mcpwm_get_comm_step
                0x0000000008013db0       0x10 build/obj/mcpwm.o
                0x0000000008013db0                mcpwm_get_comm_step
 .text.mcpwm_get_duty_cycle_now
                0x0000000008013dc0       0x10 build/obj/mcpwm.o
                0x0000000008013dc0                mcpwm_get_duty_cycle_now
 .text.mcpwm_get_switching_frequency_now
                0x0000000008013dd0       0x10 build/obj/mcpwm.o
                0x0000000008013dd0                mcpwm_get_switching_frequency_now
 .text.mcpwm_get_rpm
                0x0000000008013de0       0x30 build/obj/mcpwm.o
                0x0000000008013de0                mcpwm_get_rpm
 .text.mcpwm_get_state
                0x0000000008013e10       0x10 build/obj/mcpwm.o
                0x0000000008013e10                mcpwm_get_state
 .text.mcpwm_get_kv_filtered
                0x0000000008013e20       0x20 build/obj/mcpwm.o
                0x0000000008013e20                mcpwm_get_kv_filtered
 .text.mcpwm_get_tot_current
                0x0000000008013e40       0x10 build/obj/mcpwm.o
                0x0000000008013e40                mcpwm_get_tot_current
 .text.mcpwm_get_tot_current_filtered
                0x0000000008013e50       0x10 build/obj/mcpwm.o
                0x0000000008013e50                mcpwm_get_tot_current_filtered
 .text.mcpwm_get_tot_current_directional
                0x0000000008013e60       0x30 build/obj/mcpwm.o
                0x0000000008013e60                mcpwm_get_tot_current_directional
 .text.mcpwm_get_tot_current_directional_filtered
                0x0000000008013e90       0x30 build/obj/mcpwm.o
                0x0000000008013e90                mcpwm_get_tot_current_directional_filtered
 .text.mcpwm_get_tot_current_in_filtered
                0x0000000008013ec0       0x20 build/obj/mcpwm.o
                0x0000000008013ec0                mcpwm_get_tot_current_in_filtered
 .text.mcpwm_get_tachometer_value
                0x0000000008013ee0       0x20 build/obj/mcpwm.o
                0x0000000008013ee0                mcpwm_get_tachometer_value
 .text.mcpwm_get_tachometer_abs_value
                0x0000000008013f00       0x20 build/obj/mcpwm.o
                0x0000000008013f00                mcpwm_get_tachometer_abs_value
 .text.mcpwm_stop_pwm
                0x0000000008013f20       0x30 build/obj/mcpwm.o
                0x0000000008013f20                mcpwm_stop_pwm
 .text.mcpwm_adc_inj_int_handler
                0x0000000008013f50      0x460 build/obj/mcpwm.o
                0x0000000008013f50                mcpwm_adc_inj_int_handler
 .text.mcpwm_set_detect
                0x00000000080143b0       0x60 build/obj/mcpwm.o
                0x00000000080143b0                mcpwm_set_detect
 .text.mcpwm_get_detect_pos
                0x0000000008014410      0x110 build/obj/mcpwm.o
                0x0000000008014410                mcpwm_get_detect_pos
 .text.mcpwm_read_reset_avg_cycle_integrator
                0x0000000008014520       0x20 build/obj/mcpwm.o
                0x0000000008014520                mcpwm_read_reset_avg_cycle_integrator
 .text.mcpwm_get_last_adc_isr_duration
                0x0000000008014540       0x10 build/obj/mcpwm.o
                0x0000000008014540                mcpwm_get_last_adc_isr_duration
 .text.mcpwm_get_last_inj_adc_isr_duration
                0x0000000008014550       0x10 build/obj/mcpwm.o
                0x0000000008014550                mcpwm_get_last_inj_adc_isr_duration
 .text.mcpwm_get_rpm_dep
                0x0000000008014560       0x20 build/obj/mcpwm.o
                0x0000000008014560                mcpwm_get_rpm_dep
 .text.mcpwm_is_dccal_done
                0x0000000008014580       0x10 build/obj/mcpwm.o
                0x0000000008014580                mcpwm_is_dccal_done
 .text.mcpwm_switch_comm_mode
                0x0000000008014590       0x10 build/obj/mcpwm.o
                0x0000000008014590                mcpwm_switch_comm_mode
 .text.mcpwm_reset_hall_detect_table
                0x00000000080145a0       0x10 build/obj/mcpwm.o
                0x00000000080145a0                mcpwm_reset_hall_detect_table
 .text.mcpwm_get_hall_detect_result
                0x00000000080145b0       0xc0 build/obj/mcpwm.o
                0x00000000080145b0                mcpwm_get_hall_detect_result
 .text.mcpwm_read_hall_phase
                0x0000000008014670       0x50 build/obj/mcpwm.o
                0x0000000008014670                mcpwm_read_hall_phase
 .text.set_duty_cycle_ll
                0x00000000080146c0      0x1c0 build/obj/mcpwm.o
 .text.set_duty_cycle_hl
                0x0000000008014880      0x110 build/obj/mcpwm.o
 .text.mcpwm_set_duty
                0x0000000008014990       0x10 build/obj/mcpwm.o
                0x0000000008014990                mcpwm_set_duty
 .text.rpm_thread
                0x00000000080149a0      0x3d0 build/obj/mcpwm.o
 .text.mcpwm_set_pid_pos
                0x0000000008014d70       0x40 build/obj/mcpwm.o
                0x0000000008014d70                mcpwm_set_pid_pos
 .text.mcpwm_set_current
                0x0000000008014db0       0xa0 build/obj/mcpwm.o
                0x0000000008014db0                mcpwm_set_current
 .text.mcpwm_adc_int_handler
                0x0000000008014e50      0xc90 build/obj/mcpwm.o
                0x0000000008014e50                mcpwm_adc_int_handler
 .text.icuperiodcb
                0x0000000008015ae0       0x10 build/obj/servo_dec.o
 .text.icuwidthcb
                0x0000000008015af0      0x130 build/obj/servo_dec.o
 .text.servodec_init
                0x0000000008015c20       0x60 build/obj/servo_dec.o
                0x0000000008015c20                servodec_init
 .text.servodec_stop
                0x0000000008015c80       0x60 build/obj/servo_dec.o
                0x0000000008015c80                servodec_stop
 .text.servodec_set_pulse_options
                0x0000000008015ce0       0x20 build/obj/servo_dec.o
                0x0000000008015ce0                servodec_set_pulse_options
 .text.servodec_get_servo
                0x0000000008015d00       0x20 build/obj/servo_dec.o
                0x0000000008015d00                servodec_get_servo
 .text.servodec_get_time_since_update
                0x0000000008015d20       0x20 build/obj/servo_dec.o
                0x0000000008015d20                servodec_get_time_since_update
 .text.servodec_get_last_pulse_len
                0x0000000008015d40       0x20 build/obj/servo_dec.o
                0x0000000008015d40                servodec_get_last_pulse_len
 .text.utils_step_towards
                0x0000000008015d60       0x40 build/obj/utils.o
                0x0000000008015d60                utils_step_towards
 .text.utils_norm_angle
                0x0000000008015da0       0x40 build/obj/utils.o
                0x0000000008015da0                utils_norm_angle
 .text.utils_norm_angle_rad
                0x0000000008015de0       0x60 build/obj/utils.o
                0x0000000008015de0                utils_norm_angle_rad
 .text.utils_truncate_number
                0x0000000008015e40       0x30 build/obj/utils.o
                0x0000000008015e40                utils_truncate_number
 .text.utils_truncate_number_int
                0x0000000008015e70       0x20 build/obj/utils.o
                0x0000000008015e70                utils_truncate_number_int
 .text.utils_truncate_number_abs
                0x0000000008015e90       0x30 build/obj/utils.o
                0x0000000008015e90                utils_truncate_number_abs
 .text.utils_map
                0x0000000008015ec0       0x20 build/obj/utils.o
                0x0000000008015ec0                utils_map
 .text.utils_deadband
                0x0000000008015ee0       0x50 build/obj/utils.o
                0x0000000008015ee0                utils_deadband
 .text.utils_angle_difference
                0x0000000008015f30       0x60 build/obj/utils.o
                0x0000000008015f30                utils_angle_difference
 .text.utils_angle_difference_rad
                0x0000000008015f90       0x60 build/obj/utils.o
                0x0000000008015f90                utils_angle_difference_rad
 .text.utils_middle_of_3
                0x0000000008015ff0       0x70 build/obj/utils.o
                0x0000000008015ff0                utils_middle_of_3
 .text.utils_middle_of_3_int
                0x0000000008016060       0x40 build/obj/utils.o
                0x0000000008016060                utils_middle_of_3_int
 .text.utils_fast_atan2
                0x00000000080160a0       0x90 build/obj/utils.o
                0x00000000080160a0                utils_fast_atan2
 .text.utils_saturate_vector_2d
                0x0000000008016130       0xa0 build/obj/utils.o
                0x0000000008016130                utils_saturate_vector_2d
 .text.utils_fast_sincos_better
                0x00000000080161d0      0x130 build/obj/utils.o
                0x00000000080161d0                utils_fast_sincos_better
 .text.utils_min_abs
                0x0000000008016300       0x20 build/obj/utils.o
                0x0000000008016300                utils_min_abs
 .text.utils_max_abs
                0x0000000008016320       0x20 build/obj/utils.o
                0x0000000008016320                utils_max_abs
 .text.utils_throttle_curve
                0x0000000008016340      0x150 build/obj/utils.o
                0x0000000008016340                utils_throttle_curve
 .text.utils_sys_lock_cnt
                0x0000000008016490       0x20 build/obj/utils.o
                0x0000000008016490                utils_sys_lock_cnt
 .text.utils_sys_unlock_cnt
                0x00000000080164b0       0x20 build/obj/utils.o
                0x00000000080164b0                utils_sys_unlock_cnt
 .text.packet_init
                0x00000000080164d0       0x20 build/obj/packet.o
                0x00000000080164d0                packet_init
 .text.packet_send_packet
                0x00000000080164f0       0x90 build/obj/packet.o
                0x00000000080164f0                packet_send_packet
 .text.packet_timerfunc
                0x0000000008016580       0x50 build/obj/packet.o
                0x0000000008016580                packet_timerfunc
 .text.packet_process_byte
                0x00000000080165d0      0x150 build/obj/packet.o
                0x00000000080165d0                packet_process_byte
 .text.terminal_process_string
                0x0000000008016720     0x1100 build/obj/terminal.o
                0x0000000008016720                terminal_process_string
 .text.terminal_add_fault_data
                0x0000000008017820       0x40 build/obj/terminal.o
                0x0000000008017820                terminal_add_fault_data
 .text.terminal_register_command_callback
                0x0000000008017860       0x90 build/obj/terminal.o
                0x0000000008017860                terminal_register_command_callback
 .text.conf_general_init
                0x00000000080178f0       0x60 build/obj/conf_general.o
                0x00000000080178f0                conf_general_init
 .text.conf_general_get_default_app_configuration
                0x0000000008017950      0x150 build/obj/conf_general.o
                0x0000000008017950                conf_general_get_default_app_configuration
 .text.conf_general_get_default_mc_configuration
                0x0000000008017aa0      0x340 build/obj/conf_general.o
                0x0000000008017aa0                conf_general_get_default_mc_configuration
 .text.conf_general_read_app_configuration
                0x0000000008017de0       0x50 build/obj/conf_general.o
                0x0000000008017de0                conf_general_read_app_configuration
 .text.conf_general_store_app_configuration
                0x0000000008017e30       0x70 build/obj/conf_general.o
                0x0000000008017e30                conf_general_store_app_configuration
 .text.conf_general_read_mc_configuration
                0x0000000008017ea0       0x50 build/obj/conf_general.o
                0x0000000008017ea0                conf_general_read_mc_configuration
 .text.conf_general_store_mc_configuration
                0x0000000008017ef0       0x70 build/obj/conf_general.o
                0x0000000008017ef0                conf_general_store_mc_configuration
 .text.conf_general_detect_motor_param
                0x0000000008017f60      0x330 build/obj/conf_general.o
                0x0000000008017f60                conf_general_detect_motor_param
 .text.conf_general_measure_flux_linkage
                0x0000000008018290      0x2c0 build/obj/conf_general.o
                0x0000000008018290                conf_general_measure_flux_linkage
 .text.EE_VerifyPageFullWriteVariable
                0x0000000008018550       0x80 build/obj/eeprom.o
 .text.EE_EraseSectorIfNotEmpty.constprop.1
                0x00000000080185d0       0x30 build/obj/eeprom.o
 .text.EE_Format
                0x0000000008018600       0x30 build/obj/eeprom.o
 .text.EE_ReadVariable
                0x0000000008018630       0x70 build/obj/eeprom.o
                0x0000000008018630                EE_ReadVariable
 .text.EE_Init  0x00000000080186a0      0x150 build/obj/eeprom.o
                0x00000000080186a0                EE_Init
 .text.EE_WriteVariable
                0x00000000080187f0       0xc0 build/obj/eeprom.o
                0x00000000080187f0                EE_WriteVariable
 .text.detect_thread
                0x00000000080188b0      0x110 build/obj/commands.o
 .text.commands_init
                0x00000000080189c0       0x30 build/obj/commands.o
                0x00000000080189c0                commands_init
 .text.commands_set_send_func
                0x00000000080189f0       0x10 build/obj/commands.o
                0x00000000080189f0                commands_set_send_func
 .text.commands_send_packet
                0x0000000008018a00       0x10 build/obj/commands.o
                0x0000000008018a00                commands_send_packet
 .text.commands_printf
                0x0000000008018a10       0x50 build/obj/commands.o
                0x0000000008018a10                commands_printf
 .text.commands_send_rotor_pos
                0x0000000008018a60       0x40 build/obj/commands.o
                0x0000000008018a60                commands_send_rotor_pos
 .text.commands_get_disp_pos_mode
                0x0000000008018aa0       0x10 build/obj/commands.o
                0x0000000008018aa0                commands_get_disp_pos_mode
 .text.commands_send_appconf
                0x0000000008018ab0      0x2d0 build/obj/commands.o
                0x0000000008018ab0                commands_send_appconf
 .text.commands_process_packet
                0x0000000008018d80     0x1720 build/obj/commands.o
                0x0000000008018d80                commands_process_packet
 .text.timeout_thread
                0x000000000801a4a0       0x80 build/obj/timeout.o
 .text.timeout_init
                0x000000000801a520       0x60 build/obj/timeout.o
                0x000000000801a520                timeout_init
 .text.timeout_configure
                0x000000000801a580       0x20 build/obj/timeout.o
                0x000000000801a580                timeout_configure
 .text.timeout_reset
                0x000000000801a5a0       0x20 build/obj/timeout.o
                0x000000000801a5a0                timeout_reset
 .text.timeout_has_timeout
                0x000000000801a5c0       0x10 build/obj/timeout.o
                0x000000000801a5c0                timeout_has_timeout
 .text.timeout_get_timeout_msec
                0x000000000801a5d0       0x10 build/obj/timeout.o
                0x000000000801a5d0                timeout_get_timeout_msec
 .text.timeout_get_brake_current
                0x000000000801a5e0       0x10 build/obj/timeout.o
                0x000000000801a5e0                timeout_get_brake_current
 .text.cancom_read_thread
                0x000000000801a5f0       0xd0 build/obj/comm_can.o
 .text.comm_can_init
                0x000000000801a6c0       0xb0 build/obj/comm_can.o
                0x000000000801a6c0                comm_can_init
 .text.comm_can_set_baud
                0x000000000801a770       0x60 build/obj/comm_can.o
                0x000000000801a770                comm_can_set_baud
 .text.comm_can_transmit_eid
                0x000000000801a7d0       0x60 build/obj/comm_can.o
                0x000000000801a7d0                comm_can_transmit_eid
 .text.cancom_status_thread
                0x000000000801a830       0xb0 build/obj/comm_can.o
 .text.comm_can_transmit_sid
                0x000000000801a8e0       0x60 build/obj/comm_can.o
                0x000000000801a8e0                comm_can_transmit_sid
 .text.cancom_process_thread
                0x000000000801a940      0x3a0 build/obj/comm_can.o
 .text.comm_can_send_buffer
                0x000000000801ace0      0x160 build/obj/comm_can.o
                0x000000000801ace0                comm_can_send_buffer
 .text.send_packet_wrapper
                0x000000000801ae40       0x20 build/obj/comm_can.o
 .text.comm_can_set_duty
                0x000000000801ae60       0x40 build/obj/comm_can.o
                0x000000000801ae60                comm_can_set_duty
 .text.comm_can_set_current
                0x000000000801aea0       0x40 build/obj/comm_can.o
                0x000000000801aea0                comm_can_set_current
 .text.comm_can_set_current_brake
                0x000000000801aee0       0x40 build/obj/comm_can.o
                0x000000000801aee0                comm_can_set_current_brake
 .text.comm_can_get_status_msg_index
                0x000000000801af20       0x20 build/obj/comm_can.o
                0x000000000801af20                comm_can_get_status_msg_index
 .text.led_external_set_state
                0x000000000801af40       0x10 build/obj/led_external.o
                0x000000000801af40                led_external_set_state
 .text.led_external_set_reversed
                0x000000000801af50       0x10 build/obj/led_external.o
                0x000000000801af50                led_external_set_reversed
 .text.encoder_deinit
                0x000000000801af60       0x80 build/obj/encoder.o
                0x000000000801af60                encoder_deinit
 .text.encoder_init_abi
                0x000000000801afe0       0xc0 build/obj/encoder.o
                0x000000000801afe0                encoder_init_abi
 .text.encoder_init_as5047p_spi
                0x000000000801b0a0       0xa0 build/obj/encoder.o
                0x000000000801b0a0                encoder_init_as5047p_spi
 .text.encoder_is_configured
                0x000000000801b140       0x10 build/obj/encoder.o
                0x000000000801b140                encoder_is_configured
 .text.encoder_read_deg
                0x000000000801b150       0x70 build/obj/encoder.o
                0x000000000801b150                encoder_read_deg
 .text.encoder_cumulative_counts
                0x000000000801b1c0       0x20 build/obj/encoder.o
                0x000000000801b1c0                encoder_cumulative_counts
 .text.encoder_reset
                0x000000000801b1e0       0x80 build/obj/encoder.o
                0x000000000801b1e0                encoder_reset
 .text.encoder_tim_isr
                0x000000000801b260       0xe0 build/obj/encoder.o
                0x000000000801b260                encoder_tim_isr
 .text.encoder_set_counts
                0x000000000801b340       0x30 build/obj/encoder.o
                0x000000000801b340                encoder_set_counts
 .text.encoder_index_found
                0x000000000801b370       0x10 build/obj/encoder.o
                0x000000000801b370                encoder_index_found
 .text.flash_helper_erase_new_app
                0x000000000801b380       0x70 build/obj/flash_helper.o
                0x000000000801b380                flash_helper_erase_new_app
 .text.flash_helper_write_new_app_data
                0x000000000801b3f0       0x60 build/obj/flash_helper.o
                0x000000000801b3f0                flash_helper_write_new_app_data
 .text.flash_helper_jump_to_bootloader
                0x000000000801b450       0x90 build/obj/flash_helper.o
                0x000000000801b450                flash_helper_jump_to_bootloader
 .text.flash_helper_get_sector_address
                0x000000000801b4e0       0x30 build/obj/flash_helper.o
                0x000000000801b4e0                flash_helper_get_sector_address
 .text.sample_send_thread
                0x000000000801b510      0x230 build/obj/mc_interface.o
 .text.mc_interface_init
                0x000000000801b740      0x1c0 build/obj/mc_interface.o
                0x000000000801b740                mc_interface_init
 .text.mc_interface_get_configuration
                0x000000000801b900       0x10 build/obj/mc_interface.o
                0x000000000801b900                mc_interface_get_configuration
 .text.mc_interface_dccal_done
                0x000000000801b910       0x20 build/obj/mc_interface.o
                0x000000000801b910                mc_interface_dccal_done
 .text.mc_interface_lock
                0x000000000801b930       0x10 build/obj/mc_interface.o
                0x000000000801b930                mc_interface_lock
 .text.mc_interface_unlock
                0x000000000801b940       0x10 build/obj/mc_interface.o
                0x000000000801b940                mc_interface_unlock
 .text.mc_interface_lock_override_once
                0x000000000801b950       0x10 build/obj/mc_interface.o
                0x000000000801b950                mc_interface_lock_override_once
 .text.mc_interface_get_fault
                0x000000000801b960       0x10 build/obj/mc_interface.o
                0x000000000801b960                mc_interface_get_fault
 .text.mc_interface_fault_to_string
                0x000000000801b970       0x20 build/obj/mc_interface.o
                0x000000000801b970                mc_interface_fault_to_string
 .text.mc_interface_get_state
                0x000000000801b990       0x20 build/obj/mc_interface.o
                0x000000000801b990                mc_interface_get_state
 .text.mc_interface_get_duty_cycle_now
                0x000000000801b9b0       0x50 build/obj/mc_interface.o
                0x000000000801b9b0                mc_interface_get_duty_cycle_now
 .text.mc_interface_get_sampling_frequency_now
                0x000000000801ba00       0x30 build/obj/mc_interface.o
                0x000000000801ba00                mc_interface_get_sampling_frequency_now
 .text.mc_interface_get_rpm
                0x000000000801ba30       0x50 build/obj/mc_interface.o
                0x000000000801ba30                mc_interface_get_rpm
 .text.mc_interface_get_amp_hours
                0x000000000801ba80       0x20 build/obj/mc_interface.o
                0x000000000801ba80                mc_interface_get_amp_hours
 .text.mc_interface_get_amp_hours_charged
                0x000000000801baa0       0x20 build/obj/mc_interface.o
                0x000000000801baa0                mc_interface_get_amp_hours_charged
 .text.mc_interface_get_watt_hours
                0x000000000801bac0       0x20 build/obj/mc_interface.o
                0x000000000801bac0                mc_interface_get_watt_hours
 .text.mc_interface_get_watt_hours_charged
                0x000000000801bae0       0x20 build/obj/mc_interface.o
                0x000000000801bae0                mc_interface_get_watt_hours_charged
 .text.mc_interface_get_tot_current
                0x000000000801bb00       0x30 build/obj/mc_interface.o
                0x000000000801bb00                mc_interface_get_tot_current
 .text.mc_interface_get_tot_current_filtered
                0x000000000801bb30       0x30 build/obj/mc_interface.o
                0x000000000801bb30                mc_interface_get_tot_current_filtered
 .text.mc_interface_get_tot_current_directional
                0x000000000801bb60       0x50 build/obj/mc_interface.o
                0x000000000801bb60                mc_interface_get_tot_current_directional
 .text.mc_interface_get_tot_current_directional_filtered
                0x000000000801bbb0       0x50 build/obj/mc_interface.o
                0x000000000801bbb0                mc_interface_get_tot_current_directional_filtered
 .text.mc_interface_get_tot_current_in_filtered
                0x000000000801bc00       0x30 build/obj/mc_interface.o
                0x000000000801bc00                mc_interface_get_tot_current_in_filtered
 .text.mc_interface_get_tachometer_value
                0x000000000801bc30       0x60 build/obj/mc_interface.o
                0x000000000801bc30                mc_interface_get_tachometer_value
 .text.mc_interface_fault_stop.part.1
                0x000000000801bc90      0x150 build/obj/mc_interface.o
 .text.update_override_limits.constprop.2
                0x000000000801bde0      0x5e0 build/obj/mc_interface.o
 .text.mc_interface_set_configuration
                0x000000000801c3c0       0xd0 build/obj/mc_interface.o
                0x000000000801c3c0                mc_interface_set_configuration
 .text.timer_thread
                0x000000000801c490       0x50 build/obj/mc_interface.o
 .text.mc_interface_get_tachometer_abs_value
                0x000000000801c4e0       0x20 build/obj/mc_interface.o
                0x000000000801c4e0                mc_interface_get_tachometer_abs_value
 .text.mc_interface_get_last_inj_adc_isr_duration
                0x000000000801c500       0x30 build/obj/mc_interface.o
                0x000000000801c500                mc_interface_get_last_inj_adc_isr_duration
 .text.mc_interface_read_reset_avg_motor_current
                0x000000000801c530       0x20 build/obj/mc_interface.o
                0x000000000801c530                mc_interface_read_reset_avg_motor_current
 .text.mc_interface_read_reset_avg_input_current
                0x000000000801c550       0x20 build/obj/mc_interface.o
                0x000000000801c550                mc_interface_read_reset_avg_input_current
 .text.mc_interface_read_reset_avg_id
                0x000000000801c570       0x40 build/obj/mc_interface.o
                0x000000000801c570                mc_interface_read_reset_avg_id
 .text.mc_interface_read_reset_avg_iq
                0x000000000801c5b0       0x40 build/obj/mc_interface.o
                0x000000000801c5b0                mc_interface_read_reset_avg_iq
 .text.mc_interface_get_pid_pos_set
                0x000000000801c5f0       0x10 build/obj/mc_interface.o
                0x000000000801c5f0                mc_interface_get_pid_pos_set
 .text.mc_interface_get_pid_pos_now
                0x000000000801c600       0x50 build/obj/mc_interface.o
                0x000000000801c600                mc_interface_get_pid_pos_now
 .text.mc_interface_get_last_sample_adc_isr_duration
                0x000000000801c650       0x10 build/obj/mc_interface.o
                0x000000000801c650                mc_interface_get_last_sample_adc_isr_duration
 .text.mc_interface_sample_print_data
                0x000000000801c660       0x60 build/obj/mc_interface.o
                0x000000000801c660                mc_interface_sample_print_data
 .text.mc_interface_temp_fet_filtered
                0x000000000801c6c0       0x10 build/obj/mc_interface.o
                0x000000000801c6c0                mc_interface_temp_fet_filtered
 .text.mc_interface_temp_motor_filtered
                0x000000000801c6d0       0x10 build/obj/mc_interface.o
                0x000000000801c6d0                mc_interface_temp_motor_filtered
 .text.mc_interface_try_input
                0x000000000801c6e0       0x80 build/obj/mc_interface.o
                0x000000000801c6e0                mc_interface_try_input
 .text.mc_interface_set_duty
                0x000000000801c760       0x70 build/obj/mc_interface.o
                0x000000000801c760                mc_interface_set_duty
 .text.mc_interface_set_pid_speed
                0x000000000801c7d0       0x70 build/obj/mc_interface.o
                0x000000000801c7d0                mc_interface_set_pid_speed
 .text.mc_interface_set_pid_pos
                0x000000000801c840       0x90 build/obj/mc_interface.o
                0x000000000801c840                mc_interface_set_pid_pos
 .text.mc_interface_set_current
                0x000000000801c8d0       0x70 build/obj/mc_interface.o
                0x000000000801c8d0                mc_interface_set_current
 .text.mc_interface_set_current_rel
                0x000000000801c940       0x30 build/obj/mc_interface.o
                0x000000000801c940                mc_interface_set_current_rel
 .text.mc_interface_release_motor
                0x000000000801c970       0x10 build/obj/mc_interface.o
                0x000000000801c970                mc_interface_release_motor
 .text.mc_interface_set_brake_current
                0x000000000801c980       0x70 build/obj/mc_interface.o
                0x000000000801c980                mc_interface_set_brake_current
 .text.mc_interface_set_brake_current_rel
                0x000000000801c9f0       0x20 build/obj/mc_interface.o
                0x000000000801c9f0                mc_interface_set_brake_current_rel
 .text.mc_interface_set_handbrake
                0x000000000801ca10       0x50 build/obj/mc_interface.o
                0x000000000801ca10                mc_interface_set_handbrake
 .text.mc_interface_mc_timer_isr
                0x000000000801ca60      0x6e0 build/obj/mc_interface.o
                0x000000000801ca60                mc_interface_mc_timer_isr
 .text.mc_interface_adc_inj_int_handler
                0x000000000801d140       0x20 build/obj/mc_interface.o
                0x000000000801d140                mc_interface_adc_inj_int_handler
 .text.correct_encoder
                0x000000000801d160       0x70 build/obj/mcpwm_foc.o
 .text.start_pwm_hw
                0x000000000801d1d0       0x70 build/obj/mcpwm_foc.o
 .text.stop_pwm_hw
                0x000000000801d240       0x80 build/obj/mcpwm_foc.o
 .text.read_hall
                0x000000000801d2c0       0x70 build/obj/mcpwm_foc.o
 .text.correct_hall
                0x000000000801d330      0x1f0 build/obj/mcpwm_foc.o
 .text.timer_thread
                0x000000000801d520      0x490 build/obj/mcpwm_foc.o
 .text.mcpwm_foc_init
                0x000000000801d9b0      0x5b0 build/obj/mcpwm_foc.o
                0x000000000801d9b0                mcpwm_foc_init
 .text.mcpwm_foc_deinit
                0x000000000801df60       0x70 build/obj/mcpwm_foc.o
                0x000000000801df60                mcpwm_foc_deinit
 .text.mcpwm_foc_init_done
                0x000000000801dfd0       0x10 build/obj/mcpwm_foc.o
                0x000000000801dfd0                mcpwm_foc_init_done
 .text.mcpwm_foc_set_configuration
                0x000000000801dfe0       0x70 build/obj/mcpwm_foc.o
                0x000000000801dfe0                mcpwm_foc_set_configuration
 .text.mcpwm_foc_get_state
                0x000000000801e050       0x10 build/obj/mcpwm_foc.o
                0x000000000801e050                mcpwm_foc_get_state
 .text.mcpwm_foc_is_dccal_done
                0x000000000801e060       0x10 build/obj/mcpwm_foc.o
                0x000000000801e060                mcpwm_foc_is_dccal_done
 .text.mcpwm_foc_set_duty
                0x000000000801e070       0x30 build/obj/mcpwm_foc.o
                0x000000000801e070                mcpwm_foc_set_duty
 .text.mcpwm_foc_set_pid_speed
                0x000000000801e0a0       0x30 build/obj/mcpwm_foc.o
                0x000000000801e0a0                mcpwm_foc_set_pid_speed
 .text.mcpwm_foc_set_pid_pos
                0x000000000801e0d0       0x30 build/obj/mcpwm_foc.o
                0x000000000801e0d0                mcpwm_foc_set_pid_pos
 .text.mcpwm_foc_set_current
                0x000000000801e100       0x50 build/obj/mcpwm_foc.o
                0x000000000801e100                mcpwm_foc_set_current
 .text.mcpwm_foc_stop_pwm
                0x000000000801e150       0x10 build/obj/mcpwm_foc.o
                0x000000000801e150                mcpwm_foc_stop_pwm
 .text.mcpwm_foc_set_brake_current
                0x000000000801e160       0x50 build/obj/mcpwm_foc.o
                0x000000000801e160                mcpwm_foc_set_brake_current
 .text.mcpwm_foc_set_handbrake
                0x000000000801e1b0       0x50 build/obj/mcpwm_foc.o
                0x000000000801e1b0                mcpwm_foc_set_handbrake
 .text.mcpwm_foc_set_openloop
                0x000000000801e200       0xa0 build/obj/mcpwm_foc.o
                0x000000000801e200                mcpwm_foc_set_openloop
 .text.mcpwm_foc_get_duty_cycle_now
                0x000000000801e2a0       0x10 build/obj/mcpwm_foc.o
                0x000000000801e2a0                mcpwm_foc_get_duty_cycle_now
 .text.mcpwm_foc_get_pid_pos_now
                0x000000000801e2b0       0x10 build/obj/mcpwm_foc.o
                0x000000000801e2b0                mcpwm_foc_get_pid_pos_now
 .text.mcpwm_foc_get_sampling_frequency_now
                0x000000000801e2c0       0x20 build/obj/mcpwm_foc.o
                0x000000000801e2c0                mcpwm_foc_get_sampling_frequency_now
 .text.mcpwm_foc_get_rpm
                0x000000000801e2e0       0x20 build/obj/mcpwm_foc.o
                0x000000000801e2e0                mcpwm_foc_get_rpm
 .text.mcpwm_foc_get_tot_current
                0x000000000801e300       0x30 build/obj/mcpwm_foc.o
                0x000000000801e300                mcpwm_foc_get_tot_current
 .text.mcpwm_foc_get_tot_current_filtered
                0x000000000801e330       0x30 build/obj/mcpwm_foc.o
                0x000000000801e330                mcpwm_foc_get_tot_current_filtered
 .text.mcpwm_foc_get_abs_motor_current
                0x000000000801e360       0x10 build/obj/mcpwm_foc.o
                0x000000000801e360                mcpwm_foc_get_abs_motor_current
 .text.mcpwm_foc_get_abs_motor_current_filtered
                0x000000000801e370       0x10 build/obj/mcpwm_foc.o
                0x000000000801e370                mcpwm_foc_get_abs_motor_current_filtered
 .text.mcpwm_foc_get_tot_current_directional
                0x000000000801e380       0x10 build/obj/mcpwm_foc.o
                0x000000000801e380                mcpwm_foc_get_tot_current_directional
 .text.mcpwm_foc_get_tot_current_directional_filtered
                0x000000000801e390       0x10 build/obj/mcpwm_foc.o
                0x000000000801e390                mcpwm_foc_get_tot_current_directional_filtered
 .text.mcpwm_foc_get_id
                0x000000000801e3a0       0x10 build/obj/mcpwm_foc.o
                0x000000000801e3a0                mcpwm_foc_get_id
 .text.mcpwm_foc_get_iq
                0x000000000801e3b0       0x10 build/obj/mcpwm_foc.o
                0x000000000801e3b0                mcpwm_foc_get_iq
 .text.mcpwm_foc_get_tot_current_in_filtered
                0x000000000801e3c0       0x10 build/obj/mcpwm_foc.o
                0x000000000801e3c0                mcpwm_foc_get_tot_current_in_filtered
 .text.mcpwm_foc_get_tachometer_value
                0x000000000801e3d0       0x20 build/obj/mcpwm_foc.o
                0x000000000801e3d0                mcpwm_foc_get_tachometer_value
 .text.mcpwm_foc_get_tachometer_abs_value
                0x000000000801e3f0       0x20 build/obj/mcpwm_foc.o
                0x000000000801e3f0                mcpwm_foc_get_tachometer_abs_value
 .text.mcpwm_foc_get_phase
                0x000000000801e410       0x30 build/obj/mcpwm_foc.o
                0x000000000801e410                mcpwm_foc_get_phase
 .text.mcpwm_foc_get_phase_observer
                0x000000000801e440       0x30 build/obj/mcpwm_foc.o
                0x000000000801e440                mcpwm_foc_get_phase_observer
 .text.mcpwm_foc_get_phase_encoder
                0x000000000801e470       0x30 build/obj/mcpwm_foc.o
                0x000000000801e470                mcpwm_foc_get_phase_encoder
 .text.mcpwm_foc_get_vq
                0x000000000801e4a0       0x10 build/obj/mcpwm_foc.o
                0x000000000801e4a0                mcpwm_foc_get_vq
 .text.mcpwm_foc_encoder_detect
                0x000000000801e4b0      0x5b0 build/obj/mcpwm_foc.o
                0x000000000801e4b0                mcpwm_foc_encoder_detect
 .text.mcpwm_foc_measure_resistance
                0x000000000801ea60      0x120 build/obj/mcpwm_foc.o
                0x000000000801ea60                mcpwm_foc_measure_resistance
 .text.mcpwm_foc_measure_inductance
                0x000000000801eb80      0x110 build/obj/mcpwm_foc.o
                0x000000000801eb80                mcpwm_foc_measure_inductance
 .text.mcpwm_foc_measure_res_ind
                0x000000000801ec90      0x200 build/obj/mcpwm_foc.o
                0x000000000801ec90                mcpwm_foc_measure_res_ind
 .text.mcpwm_foc_hall_detect
                0x000000000801ee90      0x270 build/obj/mcpwm_foc.o
                0x000000000801ee90                mcpwm_foc_hall_detect
 .text.mcpwm_foc_print_state
                0x000000000801f100      0x180 build/obj/mcpwm_foc.o
                0x000000000801f100                mcpwm_foc_print_state
 .text.mcpwm_foc_get_last_inj_adc_isr_duration
                0x000000000801f280       0x10 build/obj/mcpwm_foc.o
                0x000000000801f280                mcpwm_foc_get_last_inj_adc_isr_duration
 .text.mcpwm_foc_tim_sample_int_handler
                0x000000000801f290       0x20 build/obj/mcpwm_foc.o
                0x000000000801f290                mcpwm_foc_tim_sample_int_handler
 .text.observer_update
                0x000000000801f2b0      0x1f0 build/obj/mcpwm_foc.o
                0x000000000801f2b0                observer_update
 .text.mcpwm_foc_adc_int_handler
                0x000000000801f4a0     0x13f0 build/obj/mcpwm_foc.o
                0x000000000801f4a0                mcpwm_foc_adc_int_handler
 .text.hw_init_gpio
                0x0000000008020890      0x160 build/obj/hw_410.o
                0x0000000008020890                hw_init_gpio
 .text.hw_setup_adc_channels
                0x00000000080209f0       0xe0 build/obj/hw_410.o
                0x00000000080209f0                hw_setup_adc_channels
 .text.hw_start_i2c
                0x0000000008020ad0       0x50 build/obj/hw_410.o
                0x0000000008020ad0                hw_start_i2c
 .text.hw_stop_i2c
                0x0000000008020b20       0x50 build/obj/hw_410.o
                0x0000000008020b20                hw_stop_i2c
 .text.hw_try_restore_i2c
                0x0000000008020b70       0xd0 build/obj/hw_410.o
                0x0000000008020b70                hw_try_restore_i2c
 .text.app_get_configuration
                0x0000000008020c40       0x10 build/obj/app.o
                0x0000000008020c40                app_get_configuration
 .text.app_set_configuration
                0x0000000008020c50       0xd0 build/obj/app.o
                0x0000000008020c50                app_set_configuration
 .text.ppm_thread
                0x0000000008020d20      0x630 build/obj/app_ppm.o
 .text.servodec_func
                0x0000000008021350       0x30 build/obj/app_ppm.o
 .text.update   0x0000000008021380       0x50 build/obj/app_ppm.o
 .text.app_ppm_configure